******************************************************************************
                  TI ARM Linker PC v20.2.7                     
******************************************************************************
>> Linked Fri Apr 28 23:07:49 2023

OUTPUT FILE NAME:   <FB_MC_FinalProject.out>
ENTRY POINT SYMBOL: "_c_int00_noargs"  address: 00001049


MEMORY CONFIGURATION

         name            origin    length      used     unused   attr    fill
----------------------  --------  ---------  --------  --------  ----  --------
  MAIN                  00000000   00040000  000010e0  0003ef20  R  X
  INFO                  00200000   00004000  00000000  00004000  R  X
  SRAM_CODE             01000000   00010000  0000021c  0000fde4  RW X
  SRAM_DATA             20000000   00010000  0000021c  0000fde4  RW  


SEGMENT ALLOCATION MAP

run origin  load origin   length   init length attrs members
----------  ----------- ---------- ----------- ----- -------
00000000    00000000    000010e0   000010e0    r-x
  00000000    00000000    000000e4   000000e4    r-- .intvecs
  000000e4    000000e4    00000fbc   00000fbc    r-x .text
  000010a0    000010a0    00000020   00000020    r-- .const
  000010c0    000010c0    00000020   00000020    r-- .cinit
20000000    20000000    0000001c   00000000    rw-
  20000000    20000000    0000001c   00000000    rw- .data
2000fe00    2000fe00    00000200   00000000    rw-
  2000fe00    2000fe00    00000200   00000000    rw- .stack


SECTION ALLOCATION MAP

 output                                  attributes/
section   page    origin      length       input sections
--------  ----  ----------  ----------   ----------------
.intvecs   0    00000000    000000e4     
                  00000000    000000e4     startup_msp432p401r_ccs.obj (.intvecs:retain)

.text      0    000000e4    00000fbc     
                  000000e4    000005a8     main.obj (.text)
                  0000068c    0000032c     system_msp432p401r.obj (.text)
                  000009b8    000001e0     Clock.obj (.text)
                  00000b98    000001b0     Motor.obj (.text)
                  00000d48    000000f8     LaunchPad.obj (.text)
                  00000e40    000000c0     SysTick.obj (.text)
                  00000f00    0000009c     rtsv7M4_T_le_v4SPD16_eabi.lib : memcpy_t2.asm.obj (.text)
                  00000f9c    00000068                                   : copy_decompress_lzss.c.obj (.text:decompress:lzss:__TI_decompress_lzss)
                  00001004    00000044                                   : autoinit.c.obj (.text:__TI_auto_init_nobinit_nopinit:__TI_auto_init_nobinit_nopinit)
                  00001048    00000034                                   : boot_cortex_m.c.obj (.text:_c_int00_noargs:_c_int00_noargs)
                  0000107c    0000000e                                   : copy_decompress_none.c.obj (.text:decompress:none:__TI_decompress_none)
                  0000108a    0000000e     startup_msp432p401r_ccs.obj (.text)
                  00001098    00000004     rtsv7M4_T_le_v4SPD16_eabi.lib : pre_init.c.obj (.text:_system_pre_init)
                  0000109c    00000004                                   : exit.c.obj (.text:abort:abort)

.const     0    000010a0    00000020     
                  000010a0    00000020     main.obj (.const:$P$T0$1)

.cinit     0    000010c0    00000020     
                  000010c0    0000000d     (.cinit..data.load) [load image, compression = lzss]
                  000010cd    00000003     --HOLE-- [fill = 0]
                  000010d0    00000008     (__TI_handler_table)
                  000010d8    00000008     (__TI_cinit_table)

.init_array 
*          0    00000000    00000000     UNINITIALIZED

.binit     0    00000000    00000000     

.data      0    20000000    0000001c     UNINITIALIZED
                  20000000    00000018     Clock.obj (.data)
                  20000018    00000004     system_msp432p401r.obj (.data)

.stack     0    2000fe00    00000200     UNINITIALIZED
                  2000fe00    00000004     rtsv7M4_T_le_v4SPD16_eabi.lib : boot_cortex_m.c.obj (.stack)
                  2000fe04    000001fc     --HOLE--

__llvm_prf_cnts 
*          0    20000000    00000000     UNINITIALIZED

MODULE SUMMARY

       Module                        code   ro data   rw data
       ------                        ----   -------   -------
    .\
       main.obj                      1448   32        0      
       system_msp432p401r.obj        812    0         8      
       Clock.obj                     480    0         48     
       Motor.obj                     432    0         0      
       LaunchPad.obj                 248    0         0      
       startup_msp432p401r_ccs.obj   14     228       0      
       SysTick.obj                   192    0         0      
    +--+-----------------------------+------+---------+---------+
       Total:                        3626   260       56     
                                                             
    C:\ti\ccs1220\ccs\tools\compiler\ti-cgt-arm_20.2.7.LTS\lib\rtsv7M4_T_le_v4SPD16_eabi.lib
       memcpy_t2.asm.obj             156    0         0      
       copy_decompress_lzss.c.obj    104    0         0      
       autoinit.c.obj                68     0         0      
       boot_cortex_m.c.obj           52     0         0      
       copy_decompress_none.c.obj    14     0         0      
       exit.c.obj                    4      0         0      
       pre_init.c.obj                4      0         0      
    +--+-----------------------------+------+---------+---------+
       Total:                        402    0         0      
                                                             
       Stack:                        0      0         1024   
       Linker Generated:             0      29        0      
    +--+-----------------------------+------+---------+---------+
       Grand Total:                  4028   289       1080   


LINKER GENERATED COPY TABLES

__TI_cinit_table @ 000010d8 records: 1, size/record: 8, table size: 8
	.data: load addr=000010c0, load size=0000000d bytes, run addr=20000000, run size=0000001c bytes, compression=lzss


LINKER GENERATED HANDLER TABLE

__TI_handler_table @ 000010d0 records: 2, size/record: 4, table size: 8
	index: 0, handler: __TI_decompress_lzss
	index: 1, handler: __TI_decompress_none


GLOBAL SYMBOLS: SORTED ALPHABETICALLY BY Name 

address   name                          
-------   ----                          
00001097  ADC14_IRQHandler              
00001097  AES256_IRQHandler             
00001097  BusFault_Handler              
0000109d  C$$EXIT                       
00001097  COMP_E0_IRQHandler            
00001097  COMP_E1_IRQHandler            
20000008  CPMwait                       
00001097  CS_IRQHandler                 
20000000  ClockFrequency                
00000b0d  Clock_Delay1ms                
00000ae3  Clock_Delay1us                
00000acf  Clock_GetFreq                 
000009b9  Clock_Init48MHz               
20000014  Crystalstable                 
00001097  DMA_ERR_IRQHandler            
00001097  DMA_INT0_IRQHandler           
00001097  DMA_INT1_IRQHandler           
00001097  DMA_INT2_IRQHandler           
00001097  DMA_INT3_IRQHandler           
00001097  DebugMon_Handler              
00001097  Default_Handler               
00001097  EUSCIA0_IRQHandler            
00001097  EUSCIA1_IRQHandler            
00001097  EUSCIA2_IRQHandler            
00001097  EUSCIA3_IRQHandler            
00001097  EUSCIB0_IRQHandler            
00001097  EUSCIB1_IRQHandler            
00001097  EUSCIB2_IRQHandler            
00001097  EUSCIB3_IRQHandler            
00001097  FLCTL_IRQHandler              
00001097  FPU_IRQHandler                
00001097  HardFault_Handler             
20000010  IFlags                        
00000d49  LaunchPad_Init                
00000db9  LaunchPad_Input               
00000dd7  LaunchPad_LED                 
00000df5  LaunchPad_Output              
00001097  MemManage_Handler             
00000ce3  Motor_Backward                
00000c03  Motor_Forward                 
00000b99  Motor_Init                    
00000c95  Motor_Left                    
00000c47  Motor_Right                   
00000be1  Motor_Stop                    
00001097  NMI_Handler                   
00001097  PCM_IRQHandler                
00001097  PORT1_IRQHandler              
00001097  PORT2_IRQHandler              
00001097  PORT3_IRQHandler              
00001097  PORT4_IRQHandler              
00001097  PORT5_IRQHandler              
00001097  PORT6_IRQHandler              
00001097  PSS_IRQHandler                
000001cf  PWM_Duty1                     
000001ef  PWM_Duty2                     
00000293  PWM_Duty3                     
000002b3  PWM_Duty4                     
000000e5  PWM_Init1                     
0000014b  PWM_Init12                    
0000020f  PWM_Init34                    
00001097  PendSV_Handler                
2000000c  Postwait                      
20000004  Prewait                       
00001097  RTC_C_IRQHandler              
000003d9  Reflectance_Center            
00000453  Reflectance_End               
000002d3  Reflectance_Init              
000003e5  Reflectance_Position          
0000036b  Reflectance_Read              
00000451  Reflectance_Start             
0000108b  Reset_Handler                 
00001097  SVC_Handler                   
00000457  Start                         
00001097  SysTick_Handler               
00000e41  SysTick_Init                  
00000e51  SysTick_Wait                  
00000e77  SysTick_Wait10ms              
00000e9d  SysTick_Wait1ms               
00000ecb  SysTick_Wait1us               
20000018  SystemCoreClock               
0000068d  SystemCoreClockUpdate         
00000901  SystemInit                    
00001097  T32_INT1_IRQHandler           
00001097  T32_INT2_IRQHandler           
00001097  T32_INTC_IRQHandler           
00001097  TA0_0_IRQHandler              
00001097  TA0_N_IRQHandler              
00001097  TA1_0_IRQHandler              
00001097  TA1_N_IRQHandler              
00001097  TA2_0_IRQHandler              
00001097  TA2_N_IRQHandler              
00001097  TA3_0_IRQHandler              
00001097  TA3_N_IRQHandler              
00001097  UsageFault_Handler            
4000480c  WDTCTL_SYM                    
00001097  WDT_A_IRQHandler              
20010000  __STACK_END                   
00000200  __STACK_SIZE                  
000010d8  __TI_CINIT_Base               
000010e0  __TI_CINIT_Limit              
000010d0  __TI_Handler_Table_Base       
000010d8  __TI_Handler_Table_Limit      
00001005  __TI_auto_init_nobinit_nopinit
00000f9d  __TI_decompress_lzss          
0000107d  __TI_decompress_none          
ffffffff  __TI_pprof_out_hndl           
ffffffff  __TI_prof_data_size           
ffffffff  __TI_prof_data_start          
00000000  __TI_static_base__            
00000f01  __aeabi_memcpy                
00000f01  __aeabi_memcpy4               
00000f01  __aeabi_memcpy8               
ffffffff  __binit__                     
ffffffff  __c_args__                    
UNDEFED   __mpu_init                    
2000fe00  __stack                       
20000000  __start___llvm_prf_cnts       
20000000  __stop___llvm_prf_cnts        
00001049  _c_int00_noargs               
UNDEFED   _system_post_cinit            
00001099  _system_pre_init              
0000109d  abort                         
000004a5  adjust_speed                  
ffffffff  binit                         
00000ad5  delay                         
00000000  interruptVectors              
000005fd  main                          
00000f01  memcpy                        


GLOBAL SYMBOLS: SORTED BY Symbol Address 

address   name                          
-------   ----                          
00000000  __TI_static_base__            
00000000  interruptVectors              
000000e5  PWM_Init1                     
0000014b  PWM_Init12                    
000001cf  PWM_Duty1                     
000001ef  PWM_Duty2                     
00000200  __STACK_SIZE                  
0000020f  PWM_Init34                    
00000293  PWM_Duty3                     
000002b3  PWM_Duty4                     
000002d3  Reflectance_Init              
0000036b  Reflectance_Read              
000003d9  Reflectance_Center            
000003e5  Reflectance_Position          
00000451  Reflectance_Start             
00000453  Reflectance_End               
00000457  Start                         
000004a5  adjust_speed                  
000005fd  main                          
0000068d  SystemCoreClockUpdate         
00000901  SystemInit                    
000009b9  Clock_Init48MHz               
00000acf  Clock_GetFreq                 
00000ad5  delay                         
00000ae3  Clock_Delay1us                
00000b0d  Clock_Delay1ms                
00000b99  Motor_Init                    
00000be1  Motor_Stop                    
00000c03  Motor_Forward                 
00000c47  Motor_Right                   
00000c95  Motor_Left                    
00000ce3  Motor_Backward                
00000d49  LaunchPad_Init                
00000db9  LaunchPad_Input               
00000dd7  LaunchPad_LED                 
00000df5  LaunchPad_Output              
00000e41  SysTick_Init                  
00000e51  SysTick_Wait                  
00000e77  SysTick_Wait10ms              
00000e9d  SysTick_Wait1ms               
00000ecb  SysTick_Wait1us               
00000f01  __aeabi_memcpy                
00000f01  __aeabi_memcpy4               
00000f01  __aeabi_memcpy8               
00000f01  memcpy                        
00000f9d  __TI_decompress_lzss          
00001005  __TI_auto_init_nobinit_nopinit
00001049  _c_int00_noargs               
0000107d  __TI_decompress_none          
0000108b  Reset_Handler                 
00001097  ADC14_IRQHandler              
00001097  AES256_IRQHandler             
00001097  BusFault_Handler              
00001097  COMP_E0_IRQHandler            
00001097  COMP_E1_IRQHandler            
00001097  CS_IRQHandler                 
00001097  DMA_ERR_IRQHandler            
00001097  DMA_INT0_IRQHandler           
00001097  DMA_INT1_IRQHandler           
00001097  DMA_INT2_IRQHandler           
00001097  DMA_INT3_IRQHandler           
00001097  DebugMon_Handler              
00001097  Default_Handler               
00001097  EUSCIA0_IRQHandler            
00001097  EUSCIA1_IRQHandler            
00001097  EUSCIA2_IRQHandler            
00001097  EUSCIA3_IRQHandler            
00001097  EUSCIB0_IRQHandler            
00001097  EUSCIB1_IRQHandler            
00001097  EUSCIB2_IRQHandler            
00001097  EUSCIB3_IRQHandler            
00001097  FLCTL_IRQHandler              
00001097  FPU_IRQHandler                
00001097  HardFault_Handler             
00001097  MemManage_Handler             
00001097  NMI_Handler                   
00001097  PCM_IRQHandler                
00001097  PORT1_IRQHandler              
00001097  PORT2_IRQHandler              
00001097  PORT3_IRQHandler              
00001097  PORT4_IRQHandler              
00001097  PORT5_IRQHandler              
00001097  PORT6_IRQHandler              
00001097  PSS_IRQHandler                
00001097  PendSV_Handler                
00001097  RTC_C_IRQHandler              
00001097  SVC_Handler                   
00001097  SysTick_Handler               
00001097  T32_INT1_IRQHandler           
00001097  T32_INT2_IRQHandler           
00001097  T32_INTC_IRQHandler           
00001097  TA0_0_IRQHandler              
00001097  TA0_N_IRQHandler              
00001097  TA1_0_IRQHandler              
00001097  TA1_N_IRQHandler              
00001097  TA2_0_IRQHandler              
00001097  TA2_N_IRQHandler              
00001097  TA3_0_IRQHandler              
00001097  TA3_N_IRQHandler              
00001097  UsageFault_Handler            
00001097  WDT_A_IRQHandler              
00001099  _system_pre_init              
0000109d  C$$EXIT                       
0000109d  abort                         
000010d0  __TI_Handler_Table_Base       
000010d8  __TI_CINIT_Base               
000010d8  __TI_Handler_Table_Limit      
000010e0  __TI_CINIT_Limit              
20000000  ClockFrequency                
20000000  __start___llvm_prf_cnts       
20000000  __stop___llvm_prf_cnts        
20000004  Prewait                       
20000008  CPMwait                       
2000000c  Postwait                      
20000010  IFlags                        
20000014  Crystalstable                 
20000018  SystemCoreClock               
2000fe00  __stack                       
20010000  __STACK_END                   
4000480c  WDTCTL_SYM                    
ffffffff  __TI_pprof_out_hndl           
ffffffff  __TI_prof_data_size           
ffffffff  __TI_prof_data_start          
ffffffff  __binit__                     
ffffffff  __c_args__                    
ffffffff  binit                         
UNDEFED   __mpu_init                    
UNDEFED   _system_post_cinit            

[128 symbols]
