******************************************************************************
                  TI ARM Linker PC v20.2.7                     
******************************************************************************
>> Linked Tue Apr 25 14:23:59 2023

OUTPUT FILE NAME:   <Lab12_Motors.out>
ENTRY POINT SYMBOL: "_c_int00_noargs"  address: 00000f95


MEMORY CONFIGURATION

         name            origin    length      used     unused   attr    fill
----------------------  --------  ---------  --------  --------  ----  --------
  MAIN                  00000000   00040000  0000100c  0003eff4  R  X
  INFO                  00200000   00004000  00000000  00004000  R  X
  SRAM_CODE             01000000   00010000  0000021c  0000fde4  RW X
  SRAM_DATA             20000000   00010000  0000021c  0000fde4  RW  


SEGMENT ALLOCATION MAP

run origin  load origin   length   init length attrs members
----------  ----------- ---------- ----------- ----- -------
00000000    00000000    00001010   00001010    r-x
  00000000    00000000    000000e4   000000e4    r-- .intvecs
  000000e4    000000e4    00000f08   00000f08    r-x .text
  00000ff0    00000ff0    00000020   00000020    r-- .cinit
20000000    20000000    0000001c   00000000    rw-
  20000000    20000000    0000001c   00000000    rw- .data
2000fe00    2000fe00    00000200   00000000    rw-
  2000fe00    2000fe00    00000200   00000000    rw- .stack


SECTION ALLOCATION MAP

 output                                  attributes/
section   page    origin      length       input sections
--------  ----  ----------  ----------   ----------------
.intvecs   0    00000000    000000e4     
                  00000000    000000e4     startup_msp432p401r_ccs.obj (.intvecs:retain)

.text      0    000000e4    00000f08     
                  000000e4    00000444     MotorSimple.obj (.text)
                  00000528    0000032c     system_msp432p401r.obj (.text)
                  00000854    000001e0     Clock.obj (.text)
                  00000a34    000001c8     Lab12_Motorsmain.obj (.text)
                  00000bfc    000000f8     LaunchPad.obj (.text)
                  00000cf4    000000c0     SysTick.obj (.text)
                  00000db4    0000009c     rtsv7M4_T_le_v4SPD16_eabi.lib : memcpy_t2.asm.obj (.text)
                  00000e50    00000098     Bump.obj (.text)
                  00000ee8    00000068     rtsv7M4_T_le_v4SPD16_eabi.lib : copy_decompress_lzss.c.obj (.text:decompress:lzss:__TI_decompress_lzss)
                  00000f50    00000044                                   : autoinit.c.obj (.text:__TI_auto_init_nobinit_nopinit:__TI_auto_init_nobinit_nopinit)
                  00000f94    00000034                                   : boot_cortex_m.c.obj (.text:_c_int00_noargs:_c_int00_noargs)
                  00000fc8    0000000e                                   : copy_decompress_none.c.obj (.text:decompress:none:__TI_decompress_none)
                  00000fd6    0000000e     startup_msp432p401r_ccs.obj (.text)
                  00000fe4    00000004     rtsv7M4_T_le_v4SPD16_eabi.lib : pre_init.c.obj (.text:_system_pre_init)
                  00000fe8    00000004                                   : exit.c.obj (.text:abort:abort)

.cinit     0    00000ff0    00000020     
                  00000ff0    0000000d     (.cinit..data.load) [load image, compression = lzss]
                  00000ffd    00000003     --HOLE-- [fill = 0]
                  00001000    00000008     (__TI_handler_table)
                  00001008    00000008     (__TI_cinit_table)

.init_array 
*          0    00000000    00000000     UNINITIALIZED

.binit     0    00000000    00000000     

.data      0    20000000    0000001c     UNINITIALIZED
                  20000000    00000018     Clock.obj (.data)
                  20000018    00000004     system_msp432p401r.obj (.data)

.stack     0    2000fe00    00000200     UNINITIALIZED
                  2000fe00    00000004     rtsv7M4_T_le_v4SPD16_eabi.lib : boot_cortex_m.c.obj (.stack)
                  2000fe04    000001fc     --HOLE--

__llvm_prf_cnts 
*          0    20000000    00000000     UNINITIALIZED

MODULE SUMMARY

       Module                        code   ro data   rw data
       ------                        ----   -------   -------
    .\
       MotorSimple.obj               1092   0         0      
       system_msp432p401r.obj        812    0         8      
       Clock.obj                     480    0         48     
       Lab12_Motorsmain.obj          456    0         0      
       LaunchPad.obj                 248    0         0      
       startup_msp432p401r_ccs.obj   14     228       0      
       SysTick.obj                   192    0         0      
       Bump.obj                      152    0         0      
    +--+-----------------------------+------+---------+---------+
       Total:                        3446   228       56     
                                                             
    C:\ti\ccs1220\ccs\tools\compiler\ti-cgt-arm_20.2.7.LTS\lib\rtsv7M4_T_le_v4SPD16_eabi.lib
       memcpy_t2.asm.obj             156    0         0      
       copy_decompress_lzss.c.obj    104    0         0      
       autoinit.c.obj                68     0         0      
       boot_cortex_m.c.obj           52     0         0      
       copy_decompress_none.c.obj    14     0         0      
       exit.c.obj                    4      0         0      
       pre_init.c.obj                4      0         0      
    +--+-----------------------------+------+---------+---------+
       Total:                        402    0         0      
                                                             
       Stack:                        0      0         1024   
       Linker Generated:             0      29        0      
    +--+-----------------------------+------+---------+---------+
       Grand Total:                  3848   257       1080   


LINKER GENERATED COPY TABLES

__TI_cinit_table @ 00001008 records: 1, size/record: 8, table size: 8
	.data: load addr=00000ff0, load size=0000000d bytes, run addr=20000000, run size=0000001c bytes, compression=lzss


LINKER GENERATED HANDLER TABLE

__TI_handler_table @ 00001000 records: 2, size/record: 4, table size: 8
	index: 0, handler: __TI_decompress_lzss
	index: 1, handler: __TI_decompress_none


GLOBAL SYMBOLS: SORTED ALPHABETICALLY BY Name 

address   name                          
-------   ----                          
00000fe3  ADC14_IRQHandler              
00000fe3  AES256_IRQHandler             
00000e51  Bump_Init                     
00000e85  Bump_Read                     
00000fe3  BusFault_Handler              
00000fe9  C$$EXIT                       
00000fe3  COMP_E0_IRQHandler            
00000fe3  COMP_E1_IRQHandler            
20000008  CPMwait                       
00000fe3  CS_IRQHandler                 
20000000  ClockFrequency                
000009a9  Clock_Delay1ms                
0000097f  Clock_Delay1us                
0000096b  Clock_GetFreq                 
00000855  Clock_Init48MHz               
20000014  Crystalstable                 
00000fe3  DMA_ERR_IRQHandler            
00000fe3  DMA_INT0_IRQHandler           
00000fe3  DMA_INT1_IRQHandler           
00000fe3  DMA_INT2_IRQHandler           
00000fe3  DMA_INT3_IRQHandler           
00000fe3  DebugMon_Handler              
00000fe3  Default_Handler               
00000aed  Drive_Square                  
00000fe3  EUSCIA0_IRQHandler            
00000fe3  EUSCIA1_IRQHandler            
00000fe3  EUSCIA2_IRQHandler            
00000fe3  EUSCIA3_IRQHandler            
00000fe3  EUSCIB0_IRQHandler            
00000fe3  EUSCIB1_IRQHandler            
00000fe3  EUSCIB2_IRQHandler            
00000fe3  EUSCIB3_IRQHandler            
00000fe3  FLCTL_IRQHandler              
00000fe3  FPU_IRQHandler                
00000fe3  HardFault_Handler             
20000010  IFlags                        
00000bfd  LaunchPad_Init                
00000c6d  LaunchPad_Input               
00000c8b  LaunchPad_LED                 
00000ca9  LaunchPad_Output              
00000fe3  MemManage_Handler             
000001fd  Motor_BackwardSimple          
0000016b  Motor_ForwardSimple           
000000e5  Motor_InitSimple              
00000475  Motor_LeftPoint               
0000028f  Motor_LeftSimple              
00000321  Motor_RightPoint              
000003d5  Motor_RightSimple             
0000012d  Motor_StopSimple              
00000fe3  NMI_Handler                   
00000fe3  PCM_IRQHandler                
00000fe3  PORT1_IRQHandler              
00000fe3  PORT2_IRQHandler              
00000fe3  PORT3_IRQHandler              
00000fe3  PORT4_IRQHandler              
00000fe3  PORT5_IRQHandler              
00000fe3  PORT6_IRQHandler              
00000fe3  PSS_IRQHandler                
00000a35  Pause                         
00000fe3  PendSV_Handler                
2000000c  Postwait                      
20000004  Prewait                       
00000a49  Program12_1                   
00000a9d  Program12_2                   
00000b75  Program12_3                   
00000fe3  RTC_C_IRQHandler              
00000fd7  Reset_Handler                 
00000fe3  SVC_Handler                   
00000fe3  SysTick_Handler               
00000cf5  SysTick_Init                  
00000d05  SysTick_Wait                  
00000d2b  SysTick_Wait10ms              
00000d51  SysTick_Wait1ms               
00000d7f  SysTick_Wait1us               
20000018  SystemCoreClock               
00000529  SystemCoreClockUpdate         
0000079d  SystemInit                    
00000fe3  T32_INT1_IRQHandler           
00000fe3  T32_INT2_IRQHandler           
00000fe3  T32_INTC_IRQHandler           
00000fe3  TA0_0_IRQHandler              
00000fe3  TA0_N_IRQHandler              
00000fe3  TA1_0_IRQHandler              
00000fe3  TA1_N_IRQHandler              
00000fe3  TA2_0_IRQHandler              
00000fe3  TA2_N_IRQHandler              
00000fe3  TA3_0_IRQHandler              
00000fe3  TA3_N_IRQHandler              
00000fe3  UsageFault_Handler            
4000480c  WDTCTL_SYM                    
00000fe3  WDT_A_IRQHandler              
20010000  __STACK_END                   
00000200  __STACK_SIZE                  
00001008  __TI_CINIT_Base               
00001010  __TI_CINIT_Limit              
00001000  __TI_Handler_Table_Base       
00001008  __TI_Handler_Table_Limit      
00000f51  __TI_auto_init_nobinit_nopinit
00000ee9  __TI_decompress_lzss          
00000fc9  __TI_decompress_none          
ffffffff  __TI_pprof_out_hndl           
ffffffff  __TI_prof_data_size           
ffffffff  __TI_prof_data_start          
00000000  __TI_static_base__            
00000db5  __aeabi_memcpy                
00000db5  __aeabi_memcpy4               
00000db5  __aeabi_memcpy8               
ffffffff  __binit__                     
ffffffff  __c_args__                    
UNDEFED   __mpu_init                    
2000fe00  __stack                       
20000000  __start___llvm_prf_cnts       
20000000  __stop___llvm_prf_cnts        
00000f95  _c_int00_noargs               
UNDEFED   _system_post_cinit            
00000fe5  _system_pre_init              
00000fe9  abort                         
ffffffff  binit                         
00000971  delay                         
00000000  interruptVectors              
00000b55  main                          
00000db5  memcpy                        


GLOBAL SYMBOLS: SORTED BY Symbol Address 

address   name                          
-------   ----                          
00000000  __TI_static_base__            
00000000  interruptVectors              
000000e5  Motor_InitSimple              
0000012d  Motor_StopSimple              
0000016b  Motor_ForwardSimple           
000001fd  Motor_BackwardSimple          
00000200  __STACK_SIZE                  
0000028f  Motor_LeftSimple              
00000321  Motor_RightPoint              
000003d5  Motor_RightSimple             
00000475  Motor_LeftPoint               
00000529  SystemCoreClockUpdate         
0000079d  SystemInit                    
00000855  Clock_Init48MHz               
0000096b  Clock_GetFreq                 
00000971  delay                         
0000097f  Clock_Delay1us                
000009a9  Clock_Delay1ms                
00000a35  Pause                         
00000a49  Program12_1                   
00000a9d  Program12_2                   
00000aed  Drive_Square                  
00000b55  main                          
00000b75  Program12_3                   
00000bfd  LaunchPad_Init                
00000c6d  LaunchPad_Input               
00000c8b  LaunchPad_LED                 
00000ca9  LaunchPad_Output              
00000cf5  SysTick_Init                  
00000d05  SysTick_Wait                  
00000d2b  SysTick_Wait10ms              
00000d51  SysTick_Wait1ms               
00000d7f  SysTick_Wait1us               
00000db5  __aeabi_memcpy                
00000db5  __aeabi_memcpy4               
00000db5  __aeabi_memcpy8               
00000db5  memcpy                        
00000e51  Bump_Init                     
00000e85  Bump_Read                     
00000ee9  __TI_decompress_lzss          
00000f51  __TI_auto_init_nobinit_nopinit
00000f95  _c_int00_noargs               
00000fc9  __TI_decompress_none          
00000fd7  Reset_Handler                 
00000fe3  ADC14_IRQHandler              
00000fe3  AES256_IRQHandler             
00000fe3  BusFault_Handler              
00000fe3  COMP_E0_IRQHandler            
00000fe3  COMP_E1_IRQHandler            
00000fe3  CS_IRQHandler                 
00000fe3  DMA_ERR_IRQHandler            
00000fe3  DMA_INT0_IRQHandler           
00000fe3  DMA_INT1_IRQHandler           
00000fe3  DMA_INT2_IRQHandler           
00000fe3  DMA_INT3_IRQHandler           
00000fe3  DebugMon_Handler              
00000fe3  Default_Handler               
00000fe3  EUSCIA0_IRQHandler            
00000fe3  EUSCIA1_IRQHandler            
00000fe3  EUSCIA2_IRQHandler            
00000fe3  EUSCIA3_IRQHandler            
00000fe3  EUSCIB0_IRQHandler            
00000fe3  EUSCIB1_IRQHandler            
00000fe3  EUSCIB2_IRQHandler            
00000fe3  EUSCIB3_IRQHandler            
00000fe3  FLCTL_IRQHandler              
00000fe3  FPU_IRQHandler                
00000fe3  HardFault_Handler             
00000fe3  MemManage_Handler             
00000fe3  NMI_Handler                   
00000fe3  PCM_IRQHandler                
00000fe3  PORT1_IRQHandler              
00000fe3  PORT2_IRQHandler              
00000fe3  PORT3_IRQHandler              
00000fe3  PORT4_IRQHandler              
00000fe3  PORT5_IRQHandler              
00000fe3  PORT6_IRQHandler              
00000fe3  PSS_IRQHandler                
00000fe3  PendSV_Handler                
00000fe3  RTC_C_IRQHandler              
00000fe3  SVC_Handler                   
00000fe3  SysTick_Handler               
00000fe3  T32_INT1_IRQHandler           
00000fe3  T32_INT2_IRQHandler           
00000fe3  T32_INTC_IRQHandler           
00000fe3  TA0_0_IRQHandler              
00000fe3  TA0_N_IRQHandler              
00000fe3  TA1_0_IRQHandler              
00000fe3  TA1_N_IRQHandler              
00000fe3  TA2_0_IRQHandler              
00000fe3  TA2_N_IRQHandler              
00000fe3  TA3_0_IRQHandler              
00000fe3  TA3_N_IRQHandler              
00000fe3  UsageFault_Handler            
00000fe3  WDT_A_IRQHandler              
00000fe5  _system_pre_init              
00000fe9  C$$EXIT                       
00000fe9  abort                         
00001000  __TI_Handler_Table_Base       
00001008  __TI_CINIT_Base               
00001008  __TI_Handler_Table_Limit      
00001010  __TI_CINIT_Limit              
20000000  ClockFrequency                
20000000  __start___llvm_prf_cnts       
20000000  __stop___llvm_prf_cnts        
20000004  Prewait                       
20000008  CPMwait                       
2000000c  Postwait                      
20000010  IFlags                        
20000014  Crystalstable                 
20000018  SystemCoreClock               
2000fe00  __stack                       
20010000  __STACK_END                   
4000480c  WDTCTL_SYM                    
ffffffff  __TI_pprof_out_hndl           
ffffffff  __TI_prof_data_size           
ffffffff  __TI_prof_data_start          
ffffffff  __binit__                     
ffffffff  __c_args__                    
ffffffff  binit                         
UNDEFED   __mpu_init                    
UNDEFED   _system_post_cinit            

[122 symbols]
